cd utils && wmake -ms -h production
wcl386 -zq -fo=.obj -bcl=linux -I../hdr -fe=patchobj.com -I${WATCOM}/lh -I../hdr patchobj.c
wcl386 -zq -fo=.obj -bcl=linux -I../hdr -fe=exeflat.exe -I${WATCOM}/lh -I../hdr exeflat.c
nasm -f bin upxentry.asm -o upxentry.bin
nasm -f bin upxdevic.asm -o upxdevic.bin
cd lib && ( test -f libm.lib || touch libm.lib )
cd drivers && wmake -ms -h production
nasm -Dowlinux -f obj -DWIN31SUPPORT -DWITHFAT32 -i../hdr/ -DXCPU=386 floppy.asm
nasm -Dowlinux -f obj -DWIN31SUPPORT -DWITHFAT32 -i../hdr/ -DXCPU=386 rdpcclk.asm
nasm -Dowlinux -f obj -DWIN31SUPPORT -DWITHFAT32 -i../hdr/ -DXCPU=386 wrpcclk.asm
nasm -Dowlinux -f obj -DWIN31SUPPORT -DWITHFAT32 -i../hdr/ -DXCPU=386 wratclk.asm
rm -f device.lib
wlib -q  device.lib floppy.obj rdpcclk.obj wrpcclk.obj wratclk.obj
cp device.lib ../lib
cd boot && wmake -ms -h production
nasm -dISFAT12  boot.asm -lfat12com.lst -ofat12com.bin
nasm -dISFAT16  boot.asm -lfat16com.lst -ofat16com.bin
nasm  boot32.asm -lfat32chs.lst -ofat32chs.bin
nasm  boot32lb.asm -lfat32lba.lst -ofat32lba.bin
nasm -dISFAT12  oemboot.asm -loemfat12.lst -ooemfat12.bin
nasm -dISFAT16  oemboot.asm -loemfat16.lst -ooemfat16.bin
cd sys && wmake -ms -h production
wcl386 -zq -fo=.obj -bcl=linux -I../hdr -fe=bin2c.exe -I${WATCOM}/lh bin2c.c
./bin2c.exe ../boot/fat12com.bin fat12com.h fat12com
./bin2c.exe ../boot/fat16com.bin fat16com.h fat16com
./bin2c.exe ../boot/fat32chs.bin fat32chs.h fat32chs
./bin2c.exe ../boot/fat32lba.bin fat32lba.h fat32lba
./bin2c.exe ../boot/oemfat12.bin oemfat12.h oemfat12
./bin2c.exe ../boot/oemfat16.bin oemfat16.h oemfat16
wcc -zq -fo=.obj -I${WATCOM}/h -I../hdr -DFORSYS -DWITHFAT32 -zp1-os-s-we-e3-wx-bt=DOS sys.c
wcc -zq -fo=.obj -I${WATCOM}/h -I../hdr -DFORSYS -DWITHFAT32 -zp1-os-s-we-e3-wx-bt=DOS fdkrncfg.c
wcc -zq -fo=.obj -I${WATCOM}/h -I../hdr -DFORSYS -DWITHFAT32 -zp1-os-s-we-e3-wx-bt=DOS ../kernel/prf.c
wcc -zq -fo=.obj -I${WATCOM}/h -I../hdr -DFORSYS -DWITHFAT32 -zp1-os-s-we-e3-wx-bt=DOS talloc.c
wcl -zq -fo=.obj -zp1-os-s-we-e3-wx-bt=DOS -mt sys.obj fdkrncfg.obj prf.obj talloc.obj
cp sys.com ../bin
cd kernel && wmake -ms -h production
rm -f *.lnk
echo>> kwc38632.lnk kernel.obj entry.obj io.obj console.obj serial.obj printer.obj dsk.obj sysclk.obj+
echo>> kwc38632.lnk asmsupt.obj execrh.obj nlssupt.obj procsupt.obj dosidle.obj int2f.obj nls_hc.obj+
echo>> kwc38632.lnk apisupt.obj intr.obj irqstack.obj blockio.obj chario.obj systime.obj error.obj+
echo>> kwc38632.lnk break.obj dosfns.obj fatdir.obj fatfs.obj fattab.obj fcbfns.obj inthndlr.obj+
echo>> kwc38632.lnk ioctl.obj memmgr.obj task.obj newstuff.obj nls.obj network.obj+
echo>> kwc38632.lnk prf.obj misc.obj strings.obj syspack.obj lfnapi.obj iasmsupt.obj memdisk.obj+
echo>> kwc38632.lnk main.obj config.obj initoem.obj inithma.obj dyninit.obj iprf.obj+
echo>> kwc38632.lnk initdisk.obj initclk.obj cpu.obj
echo>> kwc38632.lnk kernel.exe
echo>> kwc38632.lnk kernel.map
echo>> kwc38632.lnk ../lib/device.lib ../lib/libm.lib
nasm -Dowlinux -f obj -DWIN31SUPPORT -DWITHFAT32 -i../hdr/ -DXCPU=386 kernel.asm
nasm -Dowlinux -f obj -DWIN31SUPPORT -DWITHFAT32 -i../hdr/ -DXCPU=386 entry.asm
nasm -Dowlinux -f obj -DWIN31SUPPORT -DWITHFAT32 -i../hdr/ -DXCPU=386 io.asm
nasm -Dowlinux -f obj -DWIN31SUPPORT -DWITHFAT32 -i../hdr/ -DXCPU=386 console.asm
nasm -Dowlinux -f obj -DWIN31SUPPORT -DWITHFAT32 -i../hdr/ -DXCPU=386 serial.asm
nasm -Dowlinux -f obj -DWIN31SUPPORT -DWITHFAT32 -i../hdr/ -DXCPU=386 printer.asm
wcc -zq -fo=.obj -I../hdr -3 -DWIN31SUPPORT -DI386 -DWITHFAT32 -os-s-e5-j-zl-zp1-wx-we-zgf-zff-r-ntHMA_TEXT dsk.c
wcc -zq -fo=.obj -I../hdr -3 -DWIN31SUPPORT -DI386 -DWITHFAT32 -os-s-e5-j-zl-zp1-wx-we-zgf-zff-r-ntHMA_TEXT sysclk.c
nasm -Dowlinux -f obj -DWIN31SUPPORT -DWITHFAT32 -i../hdr/ -DXCPU=386 asmsupt.asm
nasm -Dowlinux -f obj -DWIN31SUPPORT -DWITHFAT32 -i../hdr/ -DXCPU=386 execrh.asm
nasm -Dowlinux -f obj -DWIN31SUPPORT -DWITHFAT32 -i../hdr/ -DXCPU=386 nlssupt.asm
nasm -Dowlinux -f obj -DWIN31SUPPORT -DWITHFAT32 -i../hdr/ -DXCPU=386 procsupt.asm
nasm -Dowlinux -f obj -DWIN31SUPPORT -DWITHFAT32 -i../hdr/ -DXCPU=386 dosidle.asm
nasm -Dowlinux -f obj -DWIN31SUPPORT -DWITHFAT32 -i../hdr/ -DXCPU=386 int2f.asm
nasm -Dowlinux -f obj -DWIN31SUPPORT -DWITHFAT32 -i../hdr/ -DXCPU=386 nls_hc.asm
nasm -Dowlinux -f obj -DWIN31SUPPORT -DWITHFAT32 -i../hdr/ -DXCPU=386 apisupt.asm
nasm -Dowlinux -f obj -DWIN31SUPPORT -DWITHFAT32 -i../hdr/ -DXCPU=386 intr.asm
nasm -Dowlinux -f obj -DWIN31SUPPORT -DWITHFAT32 -i../hdr/ -DXCPU=386 irqstack.asm
wcc -zq -fo=.obj -I../hdr -3 -DWIN31SUPPORT -DI386 -DWITHFAT32 -os-s-e5-j-zl-zp1-wx-we-zgf-zff-r-ntHMA_TEXT blockio.c
wcc -zq -fo=.obj -I../hdr -3 -DWIN31SUPPORT -DI386 -DWITHFAT32 -os-s-e5-j-zl-zp1-wx-we-zgf-zff-r-ntHMA_TEXT chario.c
wcc -zq -fo=.obj -I../hdr -3 -DWIN31SUPPORT -DI386 -DWITHFAT32 -os-s-e5-j-zl-zp1-wx-we-zgf-zff-r-ntHMA_TEXT systime.c
wcc -zq -fo=.obj -I../hdr -3 -DWIN31SUPPORT -DI386 -DWITHFAT32 -os-s-e5-j-zl-zp1-wx-we-zgf-zff-r-ntHMA_TEXT error.c
wcc -zq -fo=.obj -I../hdr -3 -DWIN31SUPPORT -DI386 -DWITHFAT32 -os-s-e5-j-zl-zp1-wx-we-zgf-zff-r-ntHMA_TEXT break.c
wcc -zq -fo=.obj -I../hdr -3 -DWIN31SUPPORT -DI386 -DWITHFAT32 -os-s-e5-j-zl-zp1-wx-we-zgf-zff-r-ntHMA_TEXT dosfns.c
wcc -zq -fo=.obj -I../hdr -3 -DWIN31SUPPORT -DI386 -DWITHFAT32 -os-s-e5-j-zl-zp1-wx-we-zgf-zff-r-ntHMA_TEXT fatdir.c
wcc -zq -fo=.obj -I../hdr -3 -DWIN31SUPPORT -DI386 -DWITHFAT32 -os-s-e5-j-zl-zp1-wx-we-zgf-zff-r-ntHMA_TEXT fatfs.c
wcc -zq -fo=.obj -I../hdr -3 -DWIN31SUPPORT -DI386 -DWITHFAT32 -os-s-e5-j-zl-zp1-wx-we-zgf-zff-r-ntHMA_TEXT fattab.c
wcc -zq -fo=.obj -I../hdr -3 -DWIN31SUPPORT -DI386 -DWITHFAT32 -os-s-e5-j-zl-zp1-wx-we-zgf-zff-r-ntHMA_TEXT fcbfns.c
wcc -zq -fo=.obj -I../hdr -3 -DWIN31SUPPORT -DI386 -DWITHFAT32 -os-s-e5-j-zl-zp1-wx-we-zgf-zff-r-ntHMA_TEXT inthndlr.c
wcc -zq -fo=.obj -I../hdr -3 -DWIN31SUPPORT -DI386 -DWITHFAT32 -os-s-e5-j-zl-zp1-wx-we-zgf-zff-r-ntHMA_TEXT ioctl.c
wcc -zq -fo=.obj -I../hdr -3 -DWIN31SUPPORT -DI386 -DWITHFAT32 -os-s-e5-j-zl-zp1-wx-we-zgf-zff-r-ntHMA_TEXT memmgr.c
wcc -zq -fo=.obj -I../hdr -3 -DWIN31SUPPORT -DI386 -DWITHFAT32 -os-s-e5-j-zl-zp1-wx-we-zgf-zff-r-ntHMA_TEXT task.c
wcc -zq -fo=.obj -I../hdr -3 -DWIN31SUPPORT -DI386 -DWITHFAT32 -os-s-e5-j-zl-zp1-wx-we-zgf-zff-r-ntHMA_TEXT newstuff.c
wcc -zq -fo=.obj -I../hdr -3 -DWIN31SUPPORT -DI386 -DWITHFAT32 -os-s-e5-j-zl-zp1-wx-we-zgf-zff-r-ntHMA_TEXT nls.c
wcc -zq -fo=.obj -I../hdr -3 -DWIN31SUPPORT -DI386 -DWITHFAT32 -os-s-e5-j-zl-zp1-wx-we-zgf-zff-r-ntHMA_TEXT network.c
wcc -zq -fo=.obj -I../hdr -3 -DWIN31SUPPORT -DI386 -DWITHFAT32 -os-s-e5-j-zl-zp1-wx-we-zgf-zff-r-ntHMA_TEXT prf.c
wcc -zq -fo=.obj -I../hdr -3 -DWIN31SUPPORT -DI386 -DWITHFAT32 -os-s-e5-j-zl-zp1-wx-we-zgf-zff-r-ntHMA_TEXT misc.c
wcc -zq -fo=.obj -I../hdr -3 -DWIN31SUPPORT -DI386 -DWITHFAT32 -os-s-e5-j-zl-zp1-wx-we-zgf-zff-r-ntHMA_TEXT strings.c
wcc -zq -fo=.obj -I../hdr -3 -DWIN31SUPPORT -DI386 -DWITHFAT32 -os-s-e5-j-zl-zp1-wx-we-zgf-zff-r-ntHMA_TEXT syspack.c
wcc -zq -fo=.obj -I../hdr -3 -DWIN31SUPPORT -DI386 -DWITHFAT32 -os-s-e5-j-zl-zp1-wx-we-zgf-zff-r-ntHMA_TEXT lfnapi.c
nasm -Dowlinux -D_INIT -f obj -DWIN31SUPPORT -DWITHFAT32 -i../hdr/ -DXCPU=386 -o iasmsupt.obj asmsupt.asm
nasm -Dowlinux -f obj -DWIN31SUPPORT -DWITHFAT32 -i../hdr/ -DXCPU=386 memdisk.asm
wcc -zq -fo=.obj -I../hdr -3 -DWIN31SUPPORT -DI386 -DWITHFAT32 -os-s-e5-j-zl-zp1-wx-we-zgf-zff-r-ntINIT_TEXT-gTGROUP-ndI main.c
wcc -zq -fo=.obj -I../hdr -3 -DWIN31SUPPORT -DI386 -DWITHFAT32 -os-s-e5-j-zl-zp1-wx-we-zgf-zff-r-ntINIT_TEXT-gTGROUP-ndI config.c
wcc -zq -fo=.obj -I../hdr -3 -DWIN31SUPPORT -DI386 -DWITHFAT32 -os-s-e5-j-zl-zp1-wx-we-zgf-zff-r-ntINIT_TEXT-gTGROUP-ndI initoem.c
wcc -zq -fo=.obj -I../hdr -3 -DWIN31SUPPORT -DI386 -DWITHFAT32 -os-s-e5-j-zl-zp1-wx-we-zgf-zff-r-ntINIT_TEXT-gTGROUP-ndI inithma.c
wcc -zq -fo=.obj -I../hdr -3 -DWIN31SUPPORT -DI386 -DWITHFAT32 -os-s-e5-j-zl-zp1-wx-we-zgf-zff-r-ntINIT_TEXT-gTGROUP-ndI dyninit.c
wcc -zq -fo=.obj -I../hdr -3 -DWIN31SUPPORT -DI386 -DWITHFAT32 -os-s-e5-j-zl-zp1-wx-we-zgf-zff-r-ntINIT_TEXT-gTGROUP-ndI iprf.c
wcc -zq -fo=.obj -I../hdr -3 -DWIN31SUPPORT -DI386 -DWITHFAT32 -os-s-e5-j-zl-zp1-wx-we-zgf-zff-r-ntINIT_TEXT-gTGROUP-ndI initdisk.c
wcc -zq -fo=.obj -I../hdr -3 -DWIN31SUPPORT -DI386 -DWITHFAT32 -os-s-e5-j-zl-zp1-wx-we-zgf-zff-r-ntINIT_TEXT-gTGROUP-ndI initclk.c
nasm -Dowlinux -f obj -DWIN31SUPPORT -DWITHFAT32 -i../hdr/ -DXCPU=386 cpu.asm
wlink debug all format dos opt quiet,symfile,map,statics,verbose F { kernel.obj entry.obj io.obj console.obj serial.obj printer.obj dsk.obj sysclk.obj asmsupt.obj execrh.obj nlssupt.obj procsupt.obj dosidle.obj int2f.obj nls_hc.obj apisupt.obj intr.obj irqstack.obj blockio.obj chario.obj systime.obj error.obj break.obj dosfns.obj fatdir.obj fatfs.obj fattab.obj fcbfns.obj inthndlr.obj ioctl.obj memmgr.obj task.obj newstuff.obj nls.obj network.obj prf.obj misc.obj strings.obj syspack.obj lfnapi.obj iasmsupt.obj memdisk.obj main.obj config.obj initoem.obj inithma.obj dyninit.obj iprf.obj initdisk.obj initclk.obj cpu.obj } L ../lib/device.lib N kernel.exe # @kwc38632.lnk;
rm -f exeflat.rsp
echo>> exeflat.rsp -S0x10
echo>> exeflat.rsp -S0x78
echo>> exeflat.rsp -S0x79
echo>> exeflat.rsp -E../utils/upxentry.bin
echo>> exeflat.rsp -D../utils/upxdevic.bin
echo>> exeflat.rsp
echo>> exeflat.rsp
../utils/exeflat.exe kernel.exe kernel.sys 0x60 @exeflat.rsp
header len = 368 = 0x170
image size (less header) = 72751 = 0x11c2f
first relocation offset = 32 = 0x20
relocation at 0x0000:0x00d3 ->020c
relocation at 0x0010:0x012c ->007a
relocation at 0x0010:0x0309 ->007a
relocation at 0x0010:0x030f ->007a
relocation at 0x007a:0x00aa ->007a
relocation at 0x007a:0x00b2 ->007a
relocation at 0x007a:0x11e8 ->007a
relocation at 0x007a:0x11ec ->007a
relocation at 0x007a:0x1629 ->007a
relocation at 0x007a:0x162e ->007a
relocation at 0x007a:0x1633 ->007a
relocation at 0x007a:0x1638 ->007a
relocation at 0x007a:0x163d ->007a
relocation at 0x007a:0x165a ->007a
relocation at 0x020c:0x0031 ->007a
relocation at 0x020c:0x14eb ->007a
relocation at 0x020c:0x1533 ->007a
relocation at 0x020c:0xa91e ->109e
relocation at 0x020c:0xaadf ->007a
relocation at 0x020c:0xae8b ->007a
relocation at 0x020c:0xae97 ->007a
relocation at 0x020c:0xaec0 ->007a
relocation at 0x020c:0xaee1 ->007a
relocation at 0x020c:0xb0db ->0000
relocation at 0x020c:0xb190 ->007a
relocation at 0x020c:0xba49 ->007a
relocation at 0x020c:0xc455 ->007a
relocation at 0x020c:0xc476 ->007a
relocation at 0x020c:0xc498 ->007a
relocation at 0x020c:0xc4a6 ->007a
relocation at 0x020c:0xc504 ->007a
relocation at 0x020c:0xc513 ->007a
relocation at 0x020c:0xc68f ->007a
relocation at 0x020c:0xcb66 ->007a
relocation at 0x020c:0xcb86 ->007a
relocation at 0x020c:0xcba4 ->007a
relocation at 0x020c:0xcc03 ->007a
relocation at 0x020c:0xcc1d ->007a
relocation at 0x020c:0xcfe0 ->007a
relocation at 0x020c:0xd218 ->0000
relocation at 0x020c:0xd3e3 ->007a
relocation at 0x020c:0xd3fb ->007a
relocation at 0x020c:0xd400 ->007a
relocation at 0x020c:0xd42d ->007a
relocation at 0x020c:0xd43c ->007a
relocation at 0x020c:0xd50b ->020c
relocation at 0x020c:0xd569 ->007a
relocation at 0x020c:0xd593 ->007a
relocation at 0x020c:0xd5f5 ->007a
relocation at 0x020c:0xdec1 ->007a
relocation at 0x109e:0x015c ->007a
relocation at 0x109e:0x02b6 ->0000

Processed 84 relocations, 32 not shown
cp kernel.sys ../bin
cp kernel.sys ../bin/kwc38632.sys
cp kernel.map ../bin/kwc38632.map
cd country && wmake -ms -h DIRSEP=/ CP=cp production
nasm -o country.sys -l country.lst country.asm
cp country.sys ../bin
cd setver && wmake -ms -h production
nasm -o ../bin/setver.sys setver.asm
